This is pdfTeX, Version 3.141592653-2.6-1.40.26 (TeX Live 2024) (preloaded format=pdflatex 2025.1.7)  11 MAR 2025 09:14
entering extended mode
 restricted \write18 enabled.
 %&-line parsing enabled.
**draft_001.tex
(./draft_001.tex
LaTeX2e <2024-11-01> patch level 1
L3 programming layer <2024-11-02>
(/home/samuelebumbaca/.TinyTeX/texmf-dist/tex/latex/base/article.cls
Document Class: article 2024/06/29 v1.4n Standard LaTeX document class
(/home/samuelebumbaca/.TinyTeX/texmf-dist/tex/latex/base/size10.clo
File: size10.clo 2024/06/29 v1.4n Standard LaTeX file (size option)
)
\c@part=\count196
\c@section=\count197
\c@subsection=\count198
\c@subsubsection=\count199
\c@paragraph=\count266
\c@subparagraph=\count267
\c@figure=\count268
\c@table=\count269
\abovecaptionskip=\skip49
\belowcaptionskip=\skip50
\bibindent=\dimen141
) (/home/samuelebumbaca/.TinyTeX/texmf-dist/tex/latex/base/inputenc.sty
Package: inputenc 2024/02/08 v1.3d Input encoding file
\inpenc@prehook=\toks17
\inpenc@posthook=\toks18
) (/home/samuelebumbaca/.TinyTeX/texmf-dist/tex/latex/preprint/authblk.sty
Package: authblk 2001/02/27 1.3 (PWD)
\affilsep=\skip51
\@affilsep=\skip52
\c@Maxaffil=\count270
\c@authors=\count271
\c@affil=\count272
) (/home/samuelebumbaca/.TinyTeX/texmf-dist/tex/latex/setspace/setspace.sty
Package: setspace 2022/12/04 v6.7b set line spacing
) (/home/samuelebumbaca/.TinyTeX/texmf-dist/tex/latex/geometry/geometry.sty
Package: geometry 2020/01/02 v5.9 Page Geometry
 (/home/samuelebumbaca/.TinyTeX/texmf-dist/tex/latex/graphics/keyval.sty
Package: keyval 2022/05/29 v1.15 key=value parser (DPC)
\KV@toks@=\toks19
) (/home/samuelebumbaca/.TinyTeX/texmf-dist/tex/generic/iftex/ifvtex.sty
Package: ifvtex 2019/10/25 v1.7 ifvtex legacy package. Use iftex instead.
 (/home/samuelebumbaca/.TinyTeX/texmf-dist/tex/generic/iftex/iftex.sty
Package: iftex 2024/12/12 v1.0g TeX engine tests
))
\Gm@cnth=\count273
\Gm@cntv=\count274
\c@Gm@tempcnt=\count275
\Gm@bindingoffset=\dimen142
\Gm@wd@mp=\dimen143
\Gm@odd@mp=\dimen144
\Gm@even@mp=\dimen145
\Gm@layoutwidth=\dimen146
\Gm@layoutheight=\dimen147
\Gm@layouthoffset=\dimen148
\Gm@layoutvoffset=\dimen149
\Gm@dimlist=\toks20
) (/home/samuelebumbaca/.TinyTeX/texmf-dist/tex/latex/graphics/graphicx.sty
Package: graphicx 2021/09/16 v1.2d Enhanced LaTeX Graphics (DPC,SPQR)
 (/home/samuelebumbaca/.TinyTeX/texmf-dist/tex/latex/graphics/graphics.sty
Package: graphics 2024/08/06 v1.4g Standard LaTeX Graphics (DPC,SPQR)
 (/home/samuelebumbaca/.TinyTeX/texmf-dist/tex/latex/graphics/trig.sty
Package: trig 2023/12/02 v1.11 sin cos tan (DPC)
) (/home/samuelebumbaca/.TinyTeX/texmf-dist/tex/latex/graphics-cfg/graphics.cfg
File: graphics.cfg 2016/06/04 v1.11 sample graphics configuration
)
Package graphics Info: Driver file: pdftex.def on input line 106.
 (/home/samuelebumbaca/.TinyTeX/texmf-dist/tex/latex/graphics-def/pdftex.def
File: pdftex.def 2024/04/13 v1.2c Graphics/color driver for pdftex
))
\Gin@req@height=\dimen150
\Gin@req@width=\dimen151
) (/home/samuelebumbaca/.TinyTeX/texmf-dist/tex/latex/caption/subcaption.sty
Package: subcaption 2023/07/28 v1.6b Sub-captions (AR)
 (/home/samuelebumbaca/.TinyTeX/texmf-dist/tex/latex/caption/caption.sty
Package: caption 2023/08/05 v3.6o Customizing captions (AR)
 (/home/samuelebumbaca/.TinyTeX/texmf-dist/tex/latex/caption/caption3.sty
Package: caption3 2023/07/31 v2.4d caption3 kernel (AR)
\caption@tempdima=\dimen152
\captionmargin=\dimen153
\caption@leftmargin=\dimen154
\caption@rightmargin=\dimen155
\caption@width=\dimen156
\caption@indent=\dimen157
\caption@parindent=\dimen158
\caption@hangindent=\dimen159
Package caption Info: Standard document class detected.
)
\c@caption@flags=\count276
\c@continuedfloat=\count277
)
Package caption Info: New subtype `subfigure' on input line 238.
\c@subfigure=\count278
Package caption Info: New subtype `subtable' on input line 238.
\c@subtable=\count279
) (/home/samuelebumbaca/.TinyTeX/texmf-dist/tex/latex/amsmath/amsmath.sty
Package: amsmath 2024/11/05 v2.17t AMS math features
\@mathmargin=\skip53

For additional information on amsmath, use the `?' option.
(/home/samuelebumbaca/.TinyTeX/texmf-dist/tex/latex/amsmath/amstext.sty
Package: amstext 2021/08/26 v2.01 AMS text
 (/home/samuelebumbaca/.TinyTeX/texmf-dist/tex/latex/amsmath/amsgen.sty
File: amsgen.sty 1999/11/30 v2.0 generic functions
\@emptytoks=\toks21
\ex@=\dimen160
)) (/home/samuelebumbaca/.TinyTeX/texmf-dist/tex/latex/amsmath/amsbsy.sty
Package: amsbsy 1999/11/29 v1.2d Bold Symbols
\pmbraise@=\dimen161
) (/home/samuelebumbaca/.TinyTeX/texmf-dist/tex/latex/amsmath/amsopn.sty
Package: amsopn 2022/04/08 v2.04 operator names
)
\inf@bad=\count280
LaTeX Info: Redefining \frac on input line 233.
\uproot@=\count281
\leftroot@=\count282
LaTeX Info: Redefining \overline on input line 398.
LaTeX Info: Redefining \colon on input line 409.
\classnum@=\count283
\DOTSCASE@=\count284
LaTeX Info: Redefining \ldots on input line 495.
LaTeX Info: Redefining \dots on input line 498.
LaTeX Info: Redefining \cdots on input line 619.
\Mathstrutbox@=\box52
\strutbox@=\box53
LaTeX Info: Redefining \big on input line 721.
LaTeX Info: Redefining \Big on input line 722.
LaTeX Info: Redefining \bigg on input line 723.
LaTeX Info: Redefining \Bigg on input line 724.
\big@size=\dimen162
LaTeX Font Info:    Redeclaring font encoding OML on input line 742.
LaTeX Font Info:    Redeclaring font encoding OMS on input line 743.
\macc@depth=\count285
LaTeX Info: Redefining \bmod on input line 904.
LaTeX Info: Redefining \pmod on input line 909.
LaTeX Info: Redefining \smash on input line 939.
LaTeX Info: Redefining \relbar on input line 969.
LaTeX Info: Redefining \Relbar on input line 970.
\c@MaxMatrixCols=\count286
\dotsspace@=\muskip17
\c@parentequation=\count287
\dspbrk@lvl=\count288
\tag@help=\toks22
\row@=\count289
\column@=\count290
\maxfields@=\count291
\andhelp@=\toks23
\eqnshift@=\dimen163
\alignsep@=\dimen164
\tagshift@=\dimen165
\tagwidth@=\dimen166
\totwidth@=\dimen167
\lineht@=\dimen168
\@envbody=\toks24
\multlinegap=\skip54
\multlinetaggap=\skip55
\mathdisplay@stack=\toks25
LaTeX Info: Redefining \[ on input line 2953.
LaTeX Info: Redefining \] on input line 2954.
) (/home/samuelebumbaca/.TinyTeX/texmf-dist/tex/latex/lineno/lineno.sty
Package: lineno 2023/05/20 line numbers on paragraphs v5.3
 (/home/samuelebumbaca/.TinyTeX/texmf-dist/tex/latex/etoolbox/etoolbox.sty
Package: etoolbox 2020/10/05 v2.5k e-TeX tools for LaTeX (JAW)
\etb@tempcnta=\count292
) (/home/samuelebumbaca/.TinyTeX/texmf-dist/tex/latex/kvoptions/kvoptions.sty
Package: kvoptions 2022-06-15 v3.15 Key value format for package options (HO)
 (/home/samuelebumbaca/.TinyTeX/texmf-dist/tex/generic/ltxcmds/ltxcmds.sty
Package: ltxcmds 2023-12-04 v1.26 LaTeX kernel commands for general use (HO)
) (/home/samuelebumbaca/.TinyTeX/texmf-dist/tex/latex/kvsetkeys/kvsetkeys.sty
Package: kvsetkeys 2022-10-05 v1.19 Key value parser (HO)
))
\linenopenalty=\count293
\output=\toks26
\linenoprevgraf=\count294
\linenumbersep=\dimen169
\linenumberwidth=\dimen170
\c@linenumber=\count295
\c@pagewiselinenumber=\count296
\c@LN@truepage=\count297
\c@internallinenumber=\count298
\c@internallinenumbers=\count299
\quotelinenumbersep=\dimen171
\bframerule=\dimen172
\bframesep=\dimen173
\bframebox=\box54
\linenoamsmath@ams@eqpen=\count300
LaTeX Info: Redefining \\ on input line 3180.
) (/home/samuelebumbaca/.TinyTeX/texmf-dist/tex/latex/algorithms/algorithm.sty
Package: algorithm 2009/08/24 v0.1 Document Style `algorithm' - floating environment
 (/home/samuelebumbaca/.TinyTeX/texmf-dist/tex/latex/float/float.sty
Package: float 2001/11/08 v1.3d Float enhancements (AL)
\c@float@type=\count301
\float@exts=\toks27
\float@box=\box55
\@float@everytoks=\toks28
\@floatcapt=\box56
) (/home/samuelebumbaca/.TinyTeX/texmf-dist/tex/latex/base/ifthen.sty
Package: ifthen 2024/03/16 v1.1e Standard LaTeX ifthen package (DPC)
)
\@float@every@algorithm=\toks29
\c@algorithm=\count302
) (/home/samuelebumbaca/.TinyTeX/texmf-dist/tex/latex/algorithmicx/algpseudocode.sty
Package: algpseudocode 
 (/home/samuelebumbaca/.TinyTeX/texmf-dist/tex/latex/algorithmicx/algorithmicx.sty
Package: algorithmicx 2005/04/27 v1.2 Algorithmicx

Document Style algorithmicx 1.2 - a greatly improved `algorithmic' style
\c@ALG@line=\count303
\c@ALG@rem=\count304
\c@ALG@nested=\count305
\ALG@tlm=\skip56
\ALG@thistlm=\skip57
\c@ALG@Lnr=\count306
\c@ALG@blocknr=\count307
\c@ALG@storecount=\count308
\c@ALG@tmpcounter=\count309
\ALG@tmplength=\skip58
)
Document Style - pseudocode environments for use with the `algorithmicx' style
) (/home/samuelebumbaca/.TinyTeX/texmf-dist/tex/latex/base/textcomp.sty
Package: textcomp 2024/04/24 v2.1b Standard LaTeX package
) (/home/samuelebumbaca/.TinyTeX/texmf-dist/tex/latex/biblatex/biblatex.sty
Package: biblatex 2024/03/21 v3.20 programmable bibliographies (PK/MW)
 (/home/samuelebumbaca/.TinyTeX/texmf-dist/tex/generic/pdftexcmds/pdftexcmds.sty
Package: pdftexcmds 2020-06-27 v0.33 Utility functions of pdfTeX for LuaTeX (HO)
 (/home/samuelebumbaca/.TinyTeX/texmf-dist/tex/generic/infwarerr/infwarerr.sty
Package: infwarerr 2019/12/03 v1.5 Providing info/warning/error messages (HO)
)
Package pdftexcmds Info: \pdf@primitive is available.
Package pdftexcmds Info: \pdf@ifprimitive is available.
Package pdftexcmds Info: \pdfdraftmode found.
) (/home/samuelebumbaca/.TinyTeX/texmf-dist/tex/latex/logreq/logreq.sty
Package: logreq 2010/08/04 v1.0 xml request logger
\lrq@indent=\count310
 (/home/samuelebumbaca/.TinyTeX/texmf-dist/tex/latex/logreq/logreq.def
File: logreq.def 2010/08/04 v1.0 logreq spec v1.0
)) (/home/samuelebumbaca/.TinyTeX/texmf-dist/tex/latex/url/url.sty
\Urlmuskip=\muskip18
Package: url 2013/09/16  ver 3.4  Verb mode for urls, etc.
)
\c@tabx@nest=\count311
\c@listtotal=\count312
\c@listcount=\count313
\c@liststart=\count314
\c@liststop=\count315
\c@citecount=\count316
\c@citetotal=\count317
\c@multicitecount=\count318
\c@multicitetotal=\count319
\c@instcount=\count320
\c@maxnames=\count321
\c@minnames=\count322
\c@maxitems=\count323
\c@minitems=\count324
\c@citecounter=\count325
\c@maxcitecounter=\count326
\c@savedcitecounter=\count327
\c@uniquelist=\count328
\c@uniquename=\count329
\c@refsection=\count330
\c@refsegment=\count331
\c@maxextratitle=\count332
\c@maxextratitleyear=\count333
\c@maxextraname=\count334
\c@maxextradate=\count335
\c@maxextraalpha=\count336
\c@abbrvpenalty=\count337
\c@highnamepenalty=\count338
\c@lownamepenalty=\count339
\c@maxparens=\count340
\c@parenlevel=\count341
\blx@tempcnta=\count342
\blx@tempcntb=\count343
\blx@tempcntc=\count344
\c@blx@maxsection=\count345
\blx@maxsegment@0=\count346
\blx@notetype=\count347
\blx@parenlevel@text=\count348
\blx@parenlevel@foot=\count349
\blx@sectionciteorder@0=\count350
\blx@sectionciteorderinternal@0=\count351
\blx@entrysetcounter=\count352
\blx@biblioinstance=\count353
\labelnumberwidth=\skip59
\labelalphawidth=\skip60
\biblabelsep=\skip61
\bibitemsep=\skip62
\bibnamesep=\skip63
\bibinitsep=\skip64
\bibparsep=\skip65
\bibhang=\skip66
\blx@bcfin=\read2
\blx@bcfout=\write3
\blx@langwohyphens=\language7
\c@mincomprange=\count354
\c@maxcomprange=\count355
\c@mincompwidth=\count356
Package biblatex Info: Trying to load biblatex default data model...
Package biblatex Info: ... file 'blx-dm.def' found.
 (/home/samuelebumbaca/.TinyTeX/texmf-dist/tex/latex/biblatex/blx-dm.def
File: blx-dm.def 2024/03/21 v3.20 biblatex datamodel (PK/MW)
)
Package biblatex Info: Trying to load biblatex style data model...
Package biblatex Info: ... file 'numeric.dbx' not found.
Package biblatex Info: Trying to load biblatex custom data model...
Package biblatex Info: ... file 'biblatex-dm.cfg' not found.
\c@afterword=\count357
\c@savedafterword=\count358
\c@annotator=\count359
\c@savedannotator=\count360
\c@author=\count361
\c@savedauthor=\count362
\c@bookauthor=\count363
\c@savedbookauthor=\count364
\c@commentator=\count365
\c@savedcommentator=\count366
\c@editor=\count367
\c@savededitor=\count368
\c@editora=\count369
\c@savededitora=\count370
\c@editorb=\count371
\c@savededitorb=\count372
\c@editorc=\count373
\c@savededitorc=\count374
\c@foreword=\count375
\c@savedforeword=\count376
\c@holder=\count377
\c@savedholder=\count378
\c@introduction=\count379
\c@savedintroduction=\count380
\c@namea=\count381
\c@savednamea=\count382
\c@nameb=\count383
\c@savednameb=\count384
\c@namec=\count385
\c@savednamec=\count386
\c@translator=\count387
\c@savedtranslator=\count388
\c@shortauthor=\count389
\c@savedshortauthor=\count390
\c@shorteditor=\count391
\c@savedshorteditor=\count392
\c@labelname=\count393
\c@savedlabelname=\count394
\c@institution=\count395
\c@savedinstitution=\count396
\c@lista=\count397
\c@savedlista=\count398
\c@listb=\count399
\c@savedlistb=\count400
\c@listc=\count401
\c@savedlistc=\count402
\c@listd=\count403
\c@savedlistd=\count404
\c@liste=\count405
\c@savedliste=\count406
\c@listf=\count407
\c@savedlistf=\count408
\c@location=\count409
\c@savedlocation=\count410
\c@organization=\count411
\c@savedorganization=\count412
\c@origlocation=\count413
\c@savedoriglocation=\count414
\c@origpublisher=\count415
\c@savedorigpublisher=\count416
\c@publisher=\count417
\c@savedpublisher=\count418
\c@language=\count419
\c@savedlanguage=\count420
\c@origlanguage=\count421
\c@savedoriglanguage=\count422
\c@pageref=\count423
\c@savedpageref=\count424
\shorthandwidth=\skip67
\shortjournalwidth=\skip68
\shortserieswidth=\skip69
\shorttitlewidth=\skip70
\shortauthorwidth=\skip71
\shorteditorwidth=\skip72
\locallabelnumberwidth=\skip73
\locallabelalphawidth=\skip74
\localshorthandwidth=\skip75
\localshortjournalwidth=\skip76
\localshortserieswidth=\skip77
\localshorttitlewidth=\skip78
\localshortauthorwidth=\skip79
\localshorteditorwidth=\skip80
Package biblatex Info: Trying to load compatibility code...
Package biblatex Info: ... file 'blx-compat.def' found.
 (/home/samuelebumbaca/.TinyTeX/texmf-dist/tex/latex/biblatex/blx-compat.def
File: blx-compat.def 2024/03/21 v3.20 biblatex compatibility (PK/MW)
)
Package biblatex Info: Trying to load generic definitions...
Package biblatex Info: ... file 'biblatex.def' found.
 (/home/samuelebumbaca/.TinyTeX/texmf-dist/tex/latex/biblatex/biblatex.def
File: biblatex.def 2024/03/21 v3.20 biblatex compatibility (PK/MW)
\c@textcitecount=\count425
\c@textcitetotal=\count426
\c@textcitemaxnames=\count427
\c@biburlbigbreakpenalty=\count428
\c@biburlbreakpenalty=\count429
\c@biburlnumpenalty=\count430
\c@biburlucpenalty=\count431
\c@biburllcpenalty=\count432
\biburlbigskip=\muskip19
\biburlnumskip=\muskip20
\biburlucskip=\muskip21
\biburllcskip=\muskip22
\c@smartand=\count433
)
Package biblatex Info: Trying to load bibliography style 'numeric'...
Package biblatex Info: ... file 'numeric.bbx' found.
 (/home/samuelebumbaca/.TinyTeX/texmf-dist/tex/latex/biblatex/bbx/numeric.bbx
File: numeric.bbx 2024/03/21 v3.20 biblatex bibliography style (PK/MW)
Package biblatex Info: Trying to load bibliography style 'standard'...
Package biblatex Info: ... file 'standard.bbx' found.
 (/home/samuelebumbaca/.TinyTeX/texmf-dist/tex/latex/biblatex/bbx/standard.bbx
File: standard.bbx 2024/03/21 v3.20 biblatex bibliography style (PK/MW)
\c@bbx:relatedcount=\count434
\c@bbx:relatedtotal=\count435
))
Package biblatex Info: Trying to load citation style 'numeric-comp'...
Package biblatex Info: ... file 'numeric-comp.cbx' found.
 (/home/samuelebumbaca/.TinyTeX/texmf-dist/tex/latex/biblatex/cbx/numeric-comp.cbx
File: numeric-comp.cbx 2024/03/21 v3.20 biblatex citation style (PK/MW)
\c@cbx@tempcnta=\count436
\c@cbx@tempcntb=\count437
\c@cbx@tempcntc=\count438
\c@cbx@tempcntd=\count439
Package biblatex Info: Redefining '\cite'.
Package biblatex Info: Redefining '\parencite'.
Package biblatex Info: Redefining '\footcite'.
Package biblatex Info: Redefining '\footcitetext'.
Package biblatex Info: Redefining '\smartcite'.
Package biblatex Info: Redefining '\supercite'.
Package biblatex Info: Redefining '\textcite'.
Package biblatex Info: Redefining '\textcites'.
Package biblatex Info: Redefining '\cites'.
Package biblatex Info: Redefining '\parencites'.
Package biblatex Info: Redefining '\smartcites'.
)
Package biblatex Info: Trying to load configuration file...
Package biblatex Info: ... file 'biblatex.cfg' found.
 (/home/samuelebumbaca/.TinyTeX/texmf-dist/tex/latex/biblatex/biblatex.cfg
File: biblatex.cfg 
)
Package biblatex Info: Input encoding 'utf8' detected.
Package biblatex Info: Document encoding is UTF8 ....
 (/home/samuelebumbaca/.TinyTeX/texmf-dist/tex/latex/l3kernel/expl3.sty
Package: expl3 2024-11-02 L3 programming layer (loader) 
 (/home/samuelebumbaca/.TinyTeX/texmf-dist/tex/latex/l3backend/l3backend-pdftex.def
File: l3backend-pdftex.def 2024-05-08 L3 backend support: PDF output (pdfTeX)
\l__color_backend_stack_int=\count440
\l__pdf_internal_box=\box57
))
Package biblatex Info: ... and expl3
(biblatex)             2024-11-02 L3 programming layer (loader) 
(biblatex)             is new enough (at least 2020/04/06),
(biblatex)             setting 'casechanger=expl3'.
 (/home/samuelebumbaca/.TinyTeX/texmf-dist/tex/latex/biblatex/blx-case-expl3.sty (/home/samuelebumbaca/.TinyTeX/texmf-dist/tex/latex/l3packages/xparse/xparse.sty
Package: xparse 2024-08-16 L3 Experimental document command parser
)
Package: blx-case-expl3 2024/03/21 v3.20 expl3 case changing code for biblatex
))
\@quotelevel=\count441
\@quotereset=\count442
 (./draft_001.aux)
\openout1 = `draft_001.aux'.

LaTeX Font Info:    Checking defaults for OML/cmm/m/it on input line 38.
LaTeX Font Info:    ... okay on input line 38.
LaTeX Font Info:    Checking defaults for OMS/cmsy/m/n on input line 38.
LaTeX Font Info:    ... okay on input line 38.
LaTeX Font Info:    Checking defaults for OT1/cmr/m/n on input line 38.
LaTeX Font Info:    ... okay on input line 38.
LaTeX Font Info:    Checking defaults for T1/cmr/m/n on input line 38.
LaTeX Font Info:    ... okay on input line 38.
LaTeX Font Info:    Checking defaults for TS1/cmr/m/n on input line 38.
LaTeX Font Info:    ... okay on input line 38.
LaTeX Font Info:    Checking defaults for OMX/cmex/m/n on input line 38.
LaTeX Font Info:    ... okay on input line 38.
LaTeX Font Info:    Checking defaults for U/cmr/m/n on input line 38.
LaTeX Font Info:    ... okay on input line 38.

*geometry* driver: auto-detecting
*geometry* detected driver: pdftex
*geometry* verbose mode - [ preamble ] result:
* driver: pdftex
* paper: <default>
* layout: <same size as paper>
* layoutoffset:(h,v)=(0.0pt,0.0pt)
* modes: 
* h-part:(L,W,R)=(90.3375pt, 433.62001pt, 90.3375pt)
* v-part:(T,H,B)=(90.3375pt, 614.295pt, 90.3375pt)
* \paperwidth=614.295pt
* \paperheight=794.96999pt
* \textwidth=433.62001pt
* \textheight=614.295pt
* \oddsidemargin=18.0675pt
* \evensidemargin=18.0675pt
* \topmargin=-18.9325pt
* \headheight=12.0pt
* \headsep=25.0pt
* \topskip=10.0pt
* \footskip=30.0pt
* \marginparwidth=65.0pt
* \marginparsep=11.0pt
* \columnsep=10.0pt
* \skip\footins=9.0pt plus 4.0pt minus 2.0pt
* \hoffset=0.0pt
* \voffset=0.0pt
* \mag=1000
* \@twocolumnfalse
* \@twosidefalse
* \@mparswitchfalse
* \@reversemarginfalse
* (1in=72.27pt=25.4mm, 1cm=28.453pt)

(/home/samuelebumbaca/.TinyTeX/texmf-dist/tex/context/base/mkii/supp-pdf.mkii
[Loading MPS to PDF converter (version 2006.09.02).]
\scratchcounter=\count443
\scratchdimen=\dimen174
\scratchbox=\box58
\nofMPsegments=\count444
\nofMParguments=\count445
\everyMPshowfont=\toks30
\MPscratchCnt=\count446
\MPscratchDim=\dimen175
\MPnumerator=\count447
\makeMPintoPDFobject=\count448
\everyMPtoPDFconversion=\toks31
) (/home/samuelebumbaca/.TinyTeX/texmf-dist/tex/latex/epstopdf-pkg/epstopdf-base.sty
Package: epstopdf-base 2020-01-24 v2.11 Base part for package epstopdf
Package epstopdf-base Info: Redefining graphics rule for `.eps' on input line 485.
 (/home/samuelebumbaca/.TinyTeX/texmf-dist/tex/latex/latexconfig/epstopdf-sys.cfg
File: epstopdf-sys.cfg 2010/07/13 v1.3 Configuration of (r)epstopdf for TeX Live
))
Package caption Info: Begin \AtBeginDocument code.
Package caption Info: float package is loaded.
Package caption Info: End \AtBeginDocument code.
Package biblatex Info: Trying to load language 'english'...
Package biblatex Info: ... file 'english.lbx' found.
 (/home/samuelebumbaca/.TinyTeX/texmf-dist/tex/latex/biblatex/lbx/english.lbx
File: english.lbx 2024/03/21 v3.20 biblatex localization (PK/MW)
)
Package biblatex Info: Input encoding 'utf8' detected.
Package biblatex Info: Automatic encoding selection.
(biblatex)             Assuming data encoding 'utf8'.
\openout3 = `draft_001.bcf'.

Package biblatex Info: Trying to load bibliographic data...
Package biblatex Info: ... file 'draft_001.bbl' found.
 (./draft_001.bbl)
Package biblatex Info: Reference section=0 on input line 38.
Package biblatex Info: Reference segment=0 on input line 38.


LaTeX Warning: Citation 'PP13332024' on page 1 undefined on input line 80.


LaTeX Warning: Citation 'zouMaizeTasselsDetection2020' on page 1 undefined on input line 83.



[1

{/home/samuelebumbaca/.TinyTeX/texmf-var/fonts/map/pdftex/updmap/pdftex.map}]

LaTeX Warning: Citation 'liuIntegrateNetDeepLearning2022' on page 2 undefined on input line 86.


LaTeX Warning: Citation 'davidPlantDetectionCounting2021' on page 2 undefined on input line 86.


LaTeX Warning: Citation 'barretoAutomaticUAVbasedCounting2021' on page 2 undefined on input line 86.


LaTeX Warning: Citation 'liuEstimatingMaizeSeedling2022' on page 2 undefined on input line 87.


LaTeX Warning: Citation 'EstimatesMaizePlant' on page 2 undefined on input line 87.


LaTeX Warning: Citation 'zouMaizeTasselsDetection2020' on page 2 undefined on input line 89.


LaTeX Warning: Citation 'linMicrosoftCOCOCommon2015' on page 2 undefined on input line 93.


LaTeX Warning: Citation 'krausPhotogrammetryGeometryImages2011' on page 2 undefined on input line 102.


Overfull \hbox (170.32289pt too wide) in paragraph at lines 85--109
\OT1/cmr/m/n/10 tec-tion [[], [], []]
 []


Overfull \hbox (41.14072pt too wide) in paragraph at lines 85--109
\OT1/cmr/m/n/10 of ob-ject de-tec-tion over re-gres-sion mod-els in terms of ac-cu-racy was found [[]].
 []


LaTeX Warning: Citation 'heiderSurveyDatasetsComputer2025' on page 2 undefined on input line 115.


LaTeX Warning: Citation 'meierBBCHSystemCoding2009' on page 2 undefined on input line 121.


LaTeX Warning: Citation 'davidPlantDetectionCounting2021' on page 2 undefined on input line 122.


LaTeX Warning: Citation 'liuIntegrateNetDeepLearning2022' on page 2 undefined on input line 122.


LaTeX Warning: Citation 'Maize_seedingDatasetOverview' on page 2 undefined on input line 123.


LaTeX Warning: Citation 'MaizeseedlingdetectionDatasetOverview' on page 2 undefined on input line 123.


LaTeX Warning: Citation 'fao2024' on page 2 undefined on input line 126.


Overfull \hbox (37.38925pt too wide) in paragraph at lines 112--132
\OT1/cmr/m/n/10 plant count-ing ob-ject de-tec-tor can be found in pub-lic repos-i-to-ries [[]].
 []



[2]

LaTeX Warning: Citation 'davidPlantDetectionCounting2021' on page 3 undefined on input line 139.


LaTeX Warning: Citation 'garcia-martinezDigitalCountCorn2020' on page 3 undefined on input line 139.


LaTeX Warning: Citation 'lecunDeepLearning2015' on page 3 undefined on input line 140.


LaTeX Warning: Citation 'FasterRCNNRealTime' on page 3 undefined on input line 141.


LaTeX Warning: Citation 'YouOnlyLook' on page 3 undefined on input line 141.


LaTeX Warning: Citation 'vaswaniAttentionAllYou2017' on page 3 undefined on input line 142.


LaTeX Warning: Citation 'carionEndtoEndObjectDetection2020' on page 3 undefined on input line 142.


LaTeX Warning: Citation 'dosovitskiyImageWorth16x162021' on page 3 undefined on input line 146.


LaTeX Warning: Citation 'linMicrosoftCOCOCommon2015' on page 3 undefined on input line 147.


LaTeX Warning: Citation 'jingSelfsupervisedVisualFeature2019' on page 3 undefined on input line 147.


LaTeX Warning: Citation '14090575ImageNetLarge' on page 3 undefined on input line 148.


LaTeX Warning: Citation 'zongDETRsCollaborativeHybrid2023' on page 3 undefined on input line 149.


LaTeX Warning: Citation 'khanSurveyVisionTransformers2023' on page 3 undefined on input line 151.


LaTeX Warning: Citation 'rekavandiTransformersSmallObject2023' on page 3 undefined on input line 153.


LaTeX Warning: Citation 'liTransformerObjectDetection2023' on page 3 undefined on input line 153.


LaTeX Warning: Citation 'amjoudObjectDetectionUsing2023' on page 3 undefined on input line 153.


Overfull \hbox (42.64894pt too wide) in paragraph at lines 135--154
\OT1/cmr/m/n/10 still used in some cases [[], []].
 []


Overfull \hbox (31.57915pt too wide) in paragraph at lines 135--154
\OT1/cmr/m/n/10 Most of mod-ern DL ob-ject de-tec-tion uses con-vo-lu-tional neu-ral net-works (CNN) [[]]
 []


Overfull \hbox (104.32323pt too wide) in paragraph at lines 135--154
\OT1/cmr/m/n/10 Trans-former [[]] based ap-proaches (e.g., DETR [[]])
 []


Overfull \hbox (40.81961pt too wide) in paragraph at lines 135--154
\OT1/cmr/m/n/10 based de-tec-tors, pro-vided they are pre-trained on large datasets [[],
 []


LaTeX Warning: Citation 'badgujarAgriculturalObjectDetection2024' on page 3 undefined on input line 158.


LaTeX Warning: Citation 'tanEfficientDetScalableEfficient2020' on page 3 undefined on input line 160.


LaTeX Warning: Citation 'linFocalLossDense2018' on page 3 undefined on input line 160.


LaTeX Warning: Citation 'zhangComparisonYOLObasedSorghum2025' on page 3 undefined on input line 160.


LaTeX Warning: Citation 'zhaoDETRsBeatYOLOs2024' on page 3 undefined on input line 163.


LaTeX Warning: Citation 'khanamYOLOv11OverviewKey2024' on page 3 undefined on input line 165.


Overfull \hbox (136.70276pt too wide) in paragraph at lines 162--166
\OT1/cmr/m/n/10 a Transformer-mixed YOLO ar-chi-tec-ture that out-per-forms RT-DETR on COCO dataset [[]]. 
 []


LaTeX Warning: Citation 'liMetaSGDLearningLearn2017' on page 3 undefined on input line 175.


LaTeX Warning: Citation 'bansalZeroShotObjectDetection2018' on page 3 undefined on input line 179.


LaTeX Warning: Citation 'huangSurveySelfSupervisedFewShot2022' on page 3 undefined on input line 180.


LaTeX Warning: Citation 'MetaLearningBasedIncrementalFewShot' on page 3 undefined on input line 182.


LaTeX Warning: Citation 'wuMetaRCNNMetaLearning2020' on page 3 undefined on input line 182.


LaTeX Warning: Citation 'fuMetaSSDFastAdaptation2019' on page 3 undefined on input line 182.


LaTeX Warning: Citation 'zhangMetaDETRFewShotObject2021' on page 3 undefined on input line 182.


LaTeX Warning: Citation 'saBroaderStudyCrossdomain2023' on page 3 undefined on input line 184.


LaTeX Warning: Citation 'xuDeViTDecomposingVision2023' on page 3 undefined on input line 185.


LaTeX Warning: Citation 'fuCrossDomainFewShotObject2024' on page 3 undefined on input line 185.


Overfull \hbox (98.34378pt too wide) in paragraph at lines 167--187
[]\OT1/cmr/m/n/10 , [], []],
 []


Overfull \hbox (136.00711pt too wide) in paragraph at lines 167--187
\OT1/cmr/m/n/10 lever-ag-ing do-main adap-ta-tion tech-niques [[]]. DE-ViT [[]]
 []



[3]

LaTeX Warning: Citation 'kangFewshotObjectDetection2019' on page 4 undefined on input line 188.


LaTeX Warning: Citation 'mindererScalingOpenVocabularyObject2023' on page 4 undefined on input line 189.


LaTeX Warning: Citation 'liuGroundingDINOMarrying2025' on page 4 undefined on input line 189.


Overfull \hbox (76.76987pt too wide) in paragraph at lines 188--192
[]\OT1/cmr/m/n/10 Zero-shot ac-tual state-of-the-art ob-ject de-tec-tor mod-els are YOLO-World [[]],
 []


Overfull \hbox (108.1966pt too wide) in paragraph at lines 188--192
\OT1/cmr/m/n/10 OWLv2 [[]], and Ground-ing DINO [[]].
 []


LaTeX Warning: Citation 'barretoAutomaticUAVbasedCounting2021' on page 4 undefined on input line 199.


LaTeX Warning: Citation 'gengResearchSegmentationMethod2024' on page 4 undefined on input line 199.


LaTeX Warning: Citation 'jiangDeepSeedlingDeepConvolutional2019' on page 4 undefined on input line 199.


LaTeX Warning: Citation 'katariIntegratingAutomatedLabeling2024' on page 4 undefined on input line 199.


LaTeX Warning: Citation 'kitanoCornPlantCounting2019' on page 4 undefined on input line 199.


LaTeX Warning: Citation 'liDCYOLOImprovedField2024' on page 4 undefined on input line 199.


LaTeX Warning: Citation 'liSeedlingMaizeCounting2022' on page 4 undefined on input line 199.


LaTeX Warning: Citation 'liuIntegrateNetDeepLearning2022' on page 4 undefined on input line 199.


LaTeX Warning: Citation 'liuEstimatingMaizeSeedling2022' on page 4 undefined on input line 199.


LaTeX Warning: Citation 'luTasselNetCountingMaize2017' on page 4 undefined on input line 199.


LaTeX Warning: Citation 'macheferMaskRCNNRefitting2020' on page 4 undefined on input line 199.


LaTeX Warning: Citation 'velumaniEstimatesMaizePlant2021' on page 4 undefined on input line 199.


LaTeX Warning: Citation 'wangPlotLevelMaizeEarly2023' on page 4 undefined on input line 199.


LaTeX Warning: Citation 'zhaoStudyLightweightModel2023' on page 4 undefined on input line 199.


LaTeX Warning: Citation 'davidPlantDetectionCounting2021' on page 4 undefined on input line 201.


LaTeX Warning: Citation 'andvaagCountingCanolaGeneralizable2024' on page 4 undefined on input line 201.


LaTeX Warning: Citation 'wangPlotLevelMaizeEarly2023' on page 4 undefined on input line 202.


LaTeX Warning: Citation 'amirkolaeeAdaTreeFormerFewShot2024' on page 4 undefined on input line 202.


LaTeX Warning: Citation 'karamiAutomaticPlantCounting2020' on page 4 undefined on input line 203.


LaTeX Warning: Citation 'wangAdvancingImageRecognition2024' on page 4 undefined on input line 203.


Overfull \hbox (32.49869pt too wide) in paragraph at lines 195--208
\OT1/cmr/m/n/10 open field [[], [],
 []


Overfull \hbox (151.02965pt too wide) in paragraph at lines 195--208
[]\OT1/cmr/m/n/10 , [], [],
 []


Overfull \hbox (50.33588pt too wide) in paragraph at lines 195--208
[]\OT1/cmr/m/n/10 , [], [],
 []


Overfull \hbox (74.37589pt too wide) in paragraph at lines 195--208
[]\OT1/cmr/m/n/10 , [], [],
 []


Overfull \hbox (77.06058pt too wide) in paragraph at lines 195--208
[]\OT1/cmr/m/n/10 , [], []],
 []


Overfull \hbox (3.41953pt too wide) in paragraph at lines 195--208
\OT1/cmr/m/n/10 de-tec-tor [[], []].
 []


Overfull \hbox (109.06567pt too wide) in paragraph at lines 195--208
\OT1/cmr/m/n/10 method for maize seedling count-ing [[], []].
 []



[4]

LaTeX Warning: Citation 'sunRevisitingUnreasonableEffectiveness2017' on page 5 undefined on input line 222.


LaTeX Warning: Citation 'alhazmiEffectsAnnotationQuality2021' on page 5 undefined on input line 223.


LaTeX Warning: Citation 'hestnessDeepLearningScaling2017' on page 5 undefined on input line 225.


LaTeX Warning: Citation 'mahmoodHowMuchMore2022' on page 5 undefined on input line 225.


LaTeX Warning: Citation 'nguyenEvaluationDeepLearning2020' on page 5 undefined on input line 227.


LaTeX Warning: Citation 'brigatoCloseLookDeep2020' on page 5 undefined on input line 227.


LaTeX Warning: Citation 'duSpineNetLearningScalePermuted2020' on page 5 undefined on input line 228.


LaTeX Warning: Citation 'roggiolaniDomainSpecificPreTraining2023' on page 5 undefined on input line 230.


LaTeX Warning: Citation 'hendrycksManyFacesRobustness2020' on page 5 undefined on input line 234.


LaTeX Warning: Citation 'jeevanWhichBackboneUse2024' on page 5 undefined on input line 236.


LaTeX Warning: Citation 'goldblumBattleBackbonesLargeScale2023' on page 5 undefined on input line 238.


LaTeX Warning: Citation 'cubukAutoAugmentLearningAugmentation2019' on page 5 undefined on input line 242.


LaTeX Warning: Citation 'antoniouDataAugmentationGenerative2018' on page 5 undefined on input line 243.


LaTeX Warning: Citation 'shortenSurveyImageData2019' on page 5 undefined on input line 245.


LaTeX Warning: Citation 'chadebecDataAugmentationVariational2021' on page 5 undefined on input line 245.


LaTeX Warning: Citation 'mullerTrivialAugmentTuningfreeStateoftheArt2021' on page 5 undefined on input line 247.


LaTeX Warning: Citation 'shortenSurveyImageData2019' on page 5 undefined on input line 250.


Overfull \hbox (83.23929pt too wide) in paragraph at lines 219--251
\OT1/cmr/m/n/10 DL model is di-rectly re-lated to the amount of data used for train-ing [[]]
 []


Overfull \hbox (29.49368pt too wide) in paragraph at lines 219--251
\OT1/cmr/m/n/10 in DL has been proven to be ad-dress-able with em-pir-i-cal ap-proaches [[],
 []


Overfull \hbox (1.50954pt too wide) in paragraph at lines 219--251
\OT1/cmr/m/n/10 per-for-mance [[], []]. Back-bone
 []


Overfull \hbox (139.1431pt too wide) in paragraph at lines 219--251
\OT1/cmr/m/n/10 aug-men-ta-tion can pro-vide equiv-a-lent re-sults to more ex-pen-sive tech-nics [[]].
 []


LaTeX Warning: Citation 'sunRevisitingUnreasonableEffectiveness2017' on page 5 undefined on input line 253.


LaTeX Warning: Citation 'davidPlantDetectionCounting2021' on page 5 undefined on input line 257.


LaTeX Warning: Citation 'andvaagCountingCanolaGeneralizable2024' on page 5 undefined on input line 257.


Overfull \hbox (165.9338pt too wide) in paragraph at lines 252--261
[]\OT1/cmr/m/n/10 Nevertheless, the most im-por-tant fac-tor af-fect-ing DL train-ing is the dataset source [[]].
 []


Overfull \hbox (42.72688pt too wide) in paragraph at lines 252--261
\OT1/cmr/m/n/10 ing train-ing sam-ples from other datasets (out-of-distribution dataset) [[],
 []



[5]

LaTeX Warning: Citation 'meierBBCHSystemCoding2009' on page 6 undefined on input line 295.


LaTeX Warning: Citation 'liuEstimatingMaizeSeedling2022' on page 6 undefined on input line 300.


LaTeX Warning: Citation 'davidPlantDetectionCounting2021' on page 6 undefined on input line 300.


LaTeX Warning: Citation 'Maize_seedingDatasetOverview' on page 6 undefined on input line 301.


LaTeX Warning: Citation 'MaizeseedlingdetectionDatasetOverview' on page 6 undefined on input line 301.


Overfull \hbox (11.79112pt too wide) in paragraph at lines 297--311
\OT1/cmr/m/n/10 repos-i-to-ries [[], []]. The
 []



[6{/home/samuelebumbaca/.TinyTeX/texmf-dist/fonts/enc/dvips/cm-super/cm-super-ts1.enc}]

LaTeX Warning: Citation 'davidPlantDetectionCounting2021' on page 7 undefined on input line 335.


LaTeX Warning: Citation 'liuEstimatingMaizeSeedling2022' on page 7 undefined on input line 336.


LaTeX Warning: Citation 'Maize_seedingDatasetOverview' on page 7 undefined on input line 339.


LaTeX Warning: Citation 'MaizeseedlingdetectionDatasetOverview' on page 7 undefined on input line 340.


Overfull \hbox (229.8326pt too wide) in paragraph at lines 330--348
 [][] 
 []

<./Plots/DavidEtAl.png, id=34, 570.933pt x 570.933pt>
File: ./Plots/DavidEtAl.png Graphic file (type png)
<use ./Plots/DavidEtAl.png>
Package pdftex.def Info: ./Plots/DavidEtAl.png  used on input line 353.
(pdftex.def)             Requested size: 95.39693pt x 95.39337pt.
<./Plots/LiuEtAl.png, id=36, 570.933pt x 570.933pt>
File: ./Plots/LiuEtAl.png Graphic file (type png)
<use ./Plots/LiuEtAl.png>
Package pdftex.def Info: ./Plots/LiuEtAl.png  used on input line 357.
(pdftex.def)             Requested size: 95.39693pt x 95.39337pt.
<./Plots/maize_seedling.png, id=37, 570.933pt x 570.933pt>
File: ./Plots/maize_seedling.png Graphic file (type png)
<use ./Plots/maize_seedling.png>
Package pdftex.def Info: ./Plots/maize_seedling.png  used on input line 361.
(pdftex.def)             Requested size: 95.39693pt x 95.39337pt.
<./Plots/maize_seedling_detection.png, id=38, 570.933pt x 570.933pt>
File: ./Plots/maize_seedling_detection.png Graphic file (type png)
<use ./Plots/maize_seedling_detection.png>
Package pdftex.def Info: ./Plots/maize_seedling_detection.png  used on input line 365.
(pdftex.def)             Requested size: 95.39693pt x 95.39337pt.
<./Plots/ID_1.png, id=39, 570.933pt x 570.933pt>
File: ./Plots/ID_1.png Graphic file (type png)
<use ./Plots/ID_1.png>
Package pdftex.def Info: ./Plots/ID_1.png  used on input line 370.
(pdftex.def)             Requested size: 130.08733pt x 130.08347pt.
<./Plots/ID_2.png, id=40, 570.933pt x 570.933pt>
File: ./Plots/ID_2.png Graphic file (type png)
<use ./Plots/ID_2.png>
Package pdftex.def Info: ./Plots/ID_2.png  used on input line 374.
(pdftex.def)             Requested size: 130.08733pt x 130.08347pt.
<./Plots/ID_3.png, id=41, 570.933pt x 570.933pt>
File: ./Plots/ID_3.png Graphic file (type png)
<use ./Plots/ID_3.png>
Package pdftex.def Info: ./Plots/ID_3.png  used on input line 378.
(pdftex.def)             Requested size: 130.08733pt x 130.08347pt.

LaTeX Warning: `h' float specifier changed to `ht'.


LaTeX Warning: Citation 'krizhevskyImageNetClassificationDeep2012' on page 7 undefined on input line 398.



[7]

LaTeX Warning: Citation 'davidPlantDetectionCounting2021' on page 8 undefined on input line 407.


LaTeX Warning: Citation 'garcia-martinezDigitalCountCorn2020' on page 8 undefined on input line 407.


LaTeX Warning: Citation 'liuEstimatingMaizeSeedling2022' on page 8 undefined on input line 407.


Overfull \hbox (14.28783pt too wide) in paragraph at lines 407--418
\OT1/cmr/m/n/10 Like other works [[], [],
 []



[8 <./Plots/DavidEtAl.png> <./Plots/LiuEtAl.png> <./Plots/maize_seedling.png> <./Plots/maize_seedling_detection.png> <./Plots/ID_1.png> <./Plots/ID_2.png> <./Plots/ID_3.png>]

LaTeX Warning: Citation 'jocherGitHubUltralyticsYOLO2023' on page 9 undefined on input line 435.


Overfull \hbox (33.86006pt too wide) in paragraph at lines 433--437
\OT1/cmr/m/n/10 ta-tion of these mod-els be-cause the im-ple-men-ta-tion is open-source [[]],
 []



[9]

LaTeX Warning: Citation 'oquabDINOv2LearningRobust2024' on page 10 undefined on input line 464.


LaTeX Warning: Citation 'fuCrossDomainFewShotObject2024' on page 10 undefined on input line 465.


Overfull \hbox (98.58818pt too wide) in paragraph at lines 463--471
\OT1/cmr/m/n/10 model is de-ter-mined by the back-bone used, which can be ViT-S, ViT-B, or ViT-L [[]].
 []


Overfull \hbox (35.88815pt too wide) in paragraph at lines 463--471
\OT1/cmr/m/n/10 We used the im-ple-men-ta-tion of CD-ViTO pro-vided by the au-thors [[]].
 []


LaTeX Warning: Citation 'mindererScalingOpenVocabularyObject2023' on page 10 undefined on input line 474.


LaTeX Warning: Citation 'liuGroundingDINOMarrying2025' on page 10 undefined on input line 474.


LaTeX Warning: Citation 'wolfTransformersStateoftheArtNatural2020' on page 10 undefined on input line 475.


Overfull \hbox (115.90016pt too wide) in paragraph at lines 472--479
\OT1/cmr/m/n/10 de-tec-tor ex-am-ple as it is the most sta-ble state-of-the-art model for this task [[],
 []



[10]

[11]

LaTeX Warning: Citation 'mahmoodHowMuchMore2022' on page 12 undefined on input line 580.


LaTeX Warning: Citation 'akyonSlicingAidedHyper2022' on page 12 undefined on input line 606.


Overfull \hbox (98.92729pt too wide) in paragraph at lines 606--623
[]\OT1/cmr/m/n/10 All the trained mod-els were tested on the test-ing dataset tiles with the SAHI method [[]].
 []

! Missing $ inserted.
<inserted text> 
                $
l.629 ...ches. The algorithm performed best on ID_
                                                  1 (R\textsuperscript{2} = ...
? 
! Missing $ inserted.
<inserted text> 
                $
l.630 
      
? 

Overfull \hbox (348.72981pt too wide) in paragraph at lines 629--630
\OT1/cmr/m/n/10 on ID$[](\OML/cmm/m/it/10 R[] \OT1/cmr/m/n/10 = 0\OML/cmm/m/it/10 :\OT1/cmr/m/n/10 81)\OML/cmm/m/it/10 andworstonID[]\OT1/cmr/m/n/10 (\OML/cmm/m/it/10 R[] \OT1/cmr/m/n/10 = 0\OML/cmm/m/it/10 :\OT1/cmr/m/n/10 65)\OML/cmm/m/it/10 ; reflectingitssensitivitytofieldconditionsandgrowthstage:Parametertuningwascritical; withthealgorithmfailingcompletely\OT1/cmr/m/n/10 (\OML/cmm/m/it/10 R[] <
 []



[12]

LaTeX Warning: File `dataset_source_comparison.png' not found on input line 657.


! Package pdftex.def Error: File `dataset_source_comparison.png' not found: using draft setting.

See the pdftex.def package documentation for explanation.
Type  H <return>  for immediate help.
 ...                                              
                                                  
l.657 ...linewidth]{dataset_source_comparison.png}
                                                  
? 

LaTeX Warning: `h' float specifier changed to `ht'.



[13]

LaTeX Warning: File `dataset_size_vs_r2.png' not found on input line 677.


! Package pdftex.def Error: File `dataset_size_vs_r2.png' not found: using draft setting.

See the pdftex.def package documentation for explanation.
Type  H <return>  for immediate help.
 ...                                              
                                                  
l.677 ...h=0.85\linewidth]{dataset_size_vs_r2.png}
                                                  
? 

LaTeX Warning: `h' float specifier changed to `ht'.



[14]

[15]

LaTeX Warning: File `annotation_quality_vs_r2.png' not found on input line 699.


! Package pdftex.def Error: File `annotation_quality_vs_r2.png' not found: using draft setting.

See the pdftex.def package documentation for explanation.
Type  H <return>  for immediate help.
 ...                                              
                                                  
l.699 ...\linewidth]{annotation_quality_vs_r2.png}
                                                  
? 


[16]

LaTeX Warning: File `few_shot_performance.png' not found on input line 712.


! Package pdftex.def Error: File `few_shot_performance.png' not found: using draft setting.

See the pdftex.def package documentation for explanation.
Type  H <return>  for immediate help.
 ...                                              
                                                  
l.712 ...0.85\linewidth]{few_shot_performance.png}
                                                  
? 


[17]

LaTeX Warning: File `zero_shot_performance.png' not found on input line 727.


! Package pdftex.def Error: File `zero_shot_performance.png' not found: using draft setting.

See the pdftex.def package documentation for explanation.
Type  H <return>  for immediate help.
 ...                                              
                                                  
l.727 ....85\linewidth]{zero_shot_performance.png}
                                                  
? 


[18]
Overfull \hbox (39.66466pt too wide) in paragraph at lines 744--754
 [][] 
 []


LaTeX Warning: Citation 'davidPlantDetectionCounting2021' on page 19 undefined on input line 767.


LaTeX Warning: Citation 'andvaagCountingCanolaGeneralizable2024' on page 19 undefined on input line 767.


Overfull \hbox (134.56796pt too wide) in paragraph at lines 767--768
\OT1/cmr/m/n/10 tions by David et al. [[]] and Andv^^Wag et al. [[]]
 []



[19]

LaTeX Warning: Citation 'rekavandiTransformersSmallObject2023' on page 20 undefined on input line 775.


LaTeX Warning: Citation 'liTransformerObjectDetection2023' on page 20 undefined on input line 775.


Overfull \hbox (22.27351pt too wide) in paragraph at lines 775--776
\OT1/cmr/m/n/10 al. [[]] and Li et al. [[]]
 []


LaTeX Warning: Citation 'karamiAutomaticPlantCounting2020' on page 20 undefined on input line 786.


LaTeX Warning: Citation 'wangAdvancingImageRecognition2024' on page 20 undefined on input line 786.


LaTeX Warning: Citation 'hendrycksManyFacesRobustness2020' on page 20 undefined on input line 790.



[20]

[21]

[22]

LaTeX Warning: Empty bibliography on input line 868.



[23] (./draft_001.aux)
 ***********
LaTeX2e <2024-11-01> patch level 1
L3 programming layer <2024-11-02>
 ***********


LaTeX Warning: There were undefined references.


Package biblatex Warning: Please (re)run Biber on the file:
(biblatex)                draft_001
(biblatex)                and rerun LaTeX afterwards.

Package logreq Info: Writing requests to 'draft_001.run.xml'.
\openout1 = `draft_001.run.xml'.

 ) 
Here is how much of TeX's memory you used:
 13536 strings out of 475247
 254956 string characters out of 5766890
 1077784 words of memory out of 5000000
 36294 multiletter control sequences out of 15000+600000
 566010 words of font info for 64 fonts, out of 8000000 for 9000
 36 hyphenation exceptions out of 8191
 67i,12n,81p,758b,1393s stack positions out of 10000i,1000n,20000p,200000b,200000s
</home/samuelebumbaca/.TinyTeX/texmf-dist/fonts/type1/public/amsfonts/cm/cmbx10.pfb></home/samuelebumbaca/.TinyTeX/texmf-dist/fonts/type1/public/amsfonts/cm/cmbx12.pfb></home/samuelebumbaca/.TinyTeX/texmf-dist/fonts/type1/public/amsfonts/cm/cmbx7.pfb></home/samuelebumbaca/.TinyTeX/texmf-dist/fonts/type1/public/amsfonts/cm/cmbx9.pfb></home/samuelebumbaca/.TinyTeX/texmf-dist/fonts/type1/public/amsfonts/cm/cmex10.pfb></home/samuelebumbaca/.TinyTeX/texmf-dist/fonts/type1/public/amsfonts/cm/cmmi10.pfb></home/samuelebumbaca/.TinyTeX/texmf-dist/fonts/type1/public/amsfonts/cm/cmmi7.pfb></home/samuelebumbaca/.TinyTeX/texmf-dist/fonts/type1/public/amsfonts/cm/cmr10.pfb></home/samuelebumbaca/.TinyTeX/texmf-dist/fonts/type1/public/amsfonts/cm/cmr12.pfb></home/samuelebumbaca/.TinyTeX/texmf-dist/fonts/type1/public/amsfonts/cm/cmr17.pfb></home/samuelebumbaca/.TinyTeX/texmf-dist/fonts/type1/public/amsfonts/cm/cmr6.pfb></home/samuelebumbaca/.TinyTeX/texmf-dist/fonts/type1/public/amsfonts/cm/cmr7.pfb></home/samuelebumbaca/.TinyTeX/texmf-dist/fonts/type1/public/amsfonts/cm/cmr8.pfb></home/samuelebumbaca/.TinyTeX/texmf-dist/fonts/type1/public/amsfonts/cm/cmr9.pfb></home/samuelebumbaca/.TinyTeX/texmf-dist/fonts/type1/public/amsfonts/cm/cmss8.pfb></home/samuelebumbaca/.TinyTeX/texmf-dist/fonts/type1/public/amsfonts/cm/cmsy10.pfb></home/samuelebumbaca/.TinyTeX/texmf-dist/fonts/type1/public/amsfonts/cm/cmsy7.pfb></home/samuelebumbaca/.TinyTeX/texmf-dist/fonts/type1/public/amsfonts/cm/cmtt10.pfb></home/samuelebumbaca/.TinyTeX/texmf-dist/fonts/type1/public/cm-super/sfrm1000.pfb>
Output written on draft_001.pdf (23 pages, 1573480 bytes).
PDF statistics:
 190 PDF objects out of 1000 (max. 8388607)
 111 compressed objects within 2 object streams
 0 named destinations out of 1000 (max. 500000)
 36 words of extra memory for PDF output out of 10000 (max. 10000000)

